[static.squaremoon.ie/index.html]
[backblue.gif]
[fade.gif]
[index.html]
[assets.squarespace.com/universal/default-favicon.ico]
[static.squaremoon.ie/index-2.html]
[images.squarespace-cdn.com/content/5ca59b6651f4d411d495512a/6a730dcc-8afd-4c31-8bbf-478cba6938c0/SquareMoon+Logo+Design+-Website+Final5d45.png]
[fonts.googleapis.com/css2.5ea3b.delayed]
[assets.squarespace.com/@sqs/polyfiller/1.6/legacy.js]
[use.typekit.net/ik/YCm1mGt58xjKZ5c6xWLPJ9ZsEtIiVvBmyLShwWh_r5jfeGMgfFHN4UJLFRbh52jhWDmRjQ9ojRjhFQBcFebXwQBqF2quFQIkjsGMJ6U3ScNt-AuyOAozicI7fbKzMsMMeMb6MKGHfO2IMsMMeM96MKG4fJCgIMMjgkMfH6qJCMIbMg65JMJ7]
[assets.squarespace.com/universal/scripts-compressed/extract-css-runtime-f0cb3c95d1f85577-min.en-US.js]
[assets.squarespace.com/universal/scripts-compressed/cldr-resource-pack-cfdd596170fc42d8-min.en-US.js]
[assets.squarespace.com/@sqs/polyfiller/1.6/modern.js]
[assets.squarespace.com/universal/scripts-compressed/extract-css-moment-js-vendor-b60fc53b12f6d6c5-min.en-US.js]
[assets.squarespace.com/universal/scripts-compressed/performance-568466a7a45b7b65-min.en-US.js]
[assets.squarespace.com/universal/scripts-compressed/common-vendors-stable-51880dc0d7a0158c-min.en-US.js]
[static1.squarespace.com/static/versioned-site-css/5ca59b6651f4d411d495512a/91/5c5a519771c10ba3470d8101/66d707e932e0123428929417/1620/site.css]
[static1.squarespace.com/static/vta/5c5a519771c10ba3470d8101/versioned-assets/1743006846881-BVUO1SW1DG97IL8ACU7P/static.css]
[static.squaremoon.ie/js/extract-css-runtime.js]
[static.squaremoon.ie/js/extract-css-moment.js]
[static.squaremoon.ie/js/cldr-resource-pack.js]
[assets.squarespace.com/universal/scripts-compressed/common-vendors-df1fd1183d9390fb-min.en-US.js]
[static.squaremoon.ie/js/common-vendors-stable.js]
[assets.squarespace.com/universal/scripts-compressed/common-9f2c71acf6b44d47-min.en-US.js]
[static.squaremoon.ie/js/common-vendors.js]
[static.squaremoon.ie/js/common.js]
[www.googletagmanager.com/gtag/js1009]
[static.squaremoon.ie/js/performance.js]
[static.squaremoon.ie/cart.html]
[www.w3.org/2000/svg.html]
[www.w3.org/2000/symbol.1d.delayed]
[images.squarespace-cdn.com/content/v1/5ca59b6651f4d411d495512a/6a730dcc-8afd-4c31-8bbf-478cba6938c0/SquareMoon+Logo+Design+-Website+Final26f7.png]
[static.squaremoon.ie/contact.html]
[images.squarespace-cdn.com/content/v1/5ca59b6651f4d411d495512a/dcada44d-2a93-4407-8adb-d3a9e52018ee/pexels-eva-bronzini-7629493.jpg]
[static.squaremoon.ie/moonies.html]
[images.squarespace-cdn.com/content/v1/5ca59b6651f4d411d495512a/5c3a837d-c79e-492a-8d20-9da2dcfb1ea4/pexels-eva-bronzini-7629493.jpg]
[www.linkedin.com/company/squaremoon-ie.html]
[images.squarespace-cdn.com/content/v1/5ca59b6651f4d411d495512a/b0de883f-af72-4f80-b7d9-fa852b8bd7c5/Linkedin-logo-on-transparent-PNG-.png]
[static.squaremoon.ie/privacy.html]
[static.squaremoon.ie/cookie.html]
[static.squaremoon.ie/index.html]
[static.squaremoon.ie/index-2.html]
[static1.squarespace.com/static/vta/5c5a519771c10ba3470d8101/scripts/site-bundle.0fdb2553903378753e1e5a220b8d4d8a.js]
[images.squarespace-cdn.com/index.html]
[use.typekit.net/index.html]
[p.typekit.net/index.html]
[fonts.gstatic.com/index.html]
[fonts.googleapis.com/css2ea3b.html]
[static1.squarespace.com/static/versioned-site-css/5ca59b6651f4d411d495512a/91/5c5a519771c10ba3470d8101/66d707e932e0123428929417/1620/site.css]
[static1.squarespace.com/static/vta/5c5a519771c10ba3470d8101/versioned-assets/1743006846881-BVUO1SW1DG97IL8ACU7P/static.css]
[static.squaremoon.ie/cart.html]
[www.w3.org/2000/svg.html]
[www.w3.org/2000/symbol.html]
[assets.squarespace.com/universal/scripts-compressed/extract-css-runtime-1fe7393a7c799dcf-min.en-US.js]
[assets.squarespace.com/universal/scripts-compressed/cldr-resource-pack-1f4f2a9399d250f7-min.en-US.js]
[images.squarespace-cdn.com/content/v1/5ca59b6651f4d411d495512a/c65153e3-1164-4516-a4d4-003274b5d294/pexels-eva-bronzini-7629493.jpg]
[images.squarespace-cdn.com/content/v1/5ca59b6651f4d411d495512a/c2042f85-1381-440b-8fce-8d1bf30de864/pexels-fauxels-3183165.jpg]
[static.squaremoon.ie/contact.html]
[static.squaremoon.ie/moonies.html]
[www.linkedin.com/company/squaremoon-ie.html]
[static.squaremoon.ie/privacy.html]
[static.squaremoon.ie/cookie.html]
