[www.squaremoon.ie/index.html]
[backblue.gif]
[fade.gif]
[index.html]
[assets.squarespace.com/universal/default-favicon.ico]
[images.squarespace-cdn.com/content/5ca59b6651f4d411d495512a/6a730dcc-8afd-4c31-8bbf-478cba6938c0/SquareMoon+Logo+Design+-Website+Final5d45.png]
[fonts.googleapis.com/css2d631.css]
[assets.squarespace.com/@sqs/polyfiller/1.6/legacy.js]
[use.typekit.net/ik/YCm1mGt58xjKZ5c6xWLPJ9ZsEtIiVvBmyLShwWh_r5jfeGMgfFHN4UJLFRbh52jhWDmRjQ9ojRjhFQBcFebXwQBqF2quFQIkjsGMJ6U3ScNt-AuyOAozicI7fbKzMsMMeMb6MKGHfO2IMsMMeM96MKG4fJCgIMMjgkMfH6qJCMIbMg65JMJ7f6KUUMIbMg]
[assets.squarespace.com/universal/scripts-compressed/extract-css-runtime-dcaae3edc87020ea-min.en-US.js]
[assets.squarespace.com/universal/scripts-compressed/cldr-resource-pack-13ab6e7b429cc8c0-min.en-US.js]
[assets.squarespace.com/@sqs/polyfiller/1.6/modern.js]
[assets.squarespace.com/universal/scripts-compressed/extract-css-moment-js-vendor-b60fc53b12f6d6c5-min.en-US.js]
[assets.squarespace.com/universal/scripts-compressed/performance-9bc3cf75fc7ca28e-min.en-US.js]
[static1.squarespace.com/static/versioned-site-css/5ca59b6651f4d411d495512a/91/5c5a519771c10ba3470d8101/66d707e932e0123428929417/1625/site.css]
[assets.squarespace.com/universal/scripts-compressed/common-vendors-stable-51880dc0d7a0158c-min.en-US.js]
[static1.squarespace.com/static/vta/5c5a519771c10ba3470d8101/versioned-assets/1744136022980-ANOATF1QGO585JXXQUQB/static.css]
[www.squaremoon.ie/cart.html]
[www.w3.org/2000/svg.html]
[www.w3.org/2000/symbol.15.delayed]
[images.squarespace-cdn.com/content/v1/5ca59b6651f4d411d495512a/6a730dcc-8afd-4c31-8bbf-478cba6938c0/SquareMoon+Logo+Design+-Website+Final26f7.png]
[www.squaremoon.ie/contact.html]
[images.squarespace-cdn.com/content/v1/5ca59b6651f4d411d495512a/dcada44d-2a93-4407-8adb-d3a9e52018ee/pexels-eva-bronzini-7629493.jpg]
[assets.squarespace.com/universal/scripts-compressed/common-vendors-a91c561d0d8ddea5-min.en-US.js]
[www.squaremoon.ie/moonies.html]
[images.squarespace-cdn.com/content/v1/5ca59b6651f4d411d495512a/5c3a837d-c79e-492a-8d20-9da2dcfb1ea4/pexels-eva-bronzini-7629493.jpg]
[assets.squarespace.com/universal/scripts-compressed/common-71a93625e4b7f364-min.en-US.js]
[www.googletagmanager.com/gtag/js1009]
[www.linkedin.com/company/squaremoon-ie.html]
[images.squarespace-cdn.com/content/v1/5ca59b6651f4d411d495512a/b0de883f-af72-4f80-b7d9-fa852b8bd7c5/Linkedin-logo-on-transparent-PNG-.png]
[www.squaremoon.ie/privacy.html]
[www.squaremoon.ie/cookie.html]
[www.squaremoon.ie/index.html]
[static1.squarespace.com/static/vta/5c5a519771c10ba3470d8101/scripts/site-bundle.12c4b143ceeba0f749cabf93f1a99ccf.js]
[images.squarespace-cdn.com/index.html]
[use.typekit.net/index.html]
[p.typekit.net/index.html]
[fonts.gstatic.com/index.html]
[fonts.googleapis.com/css2d631.css]
[static1.squarespace.com/static/versioned-site-css/5ca59b6651f4d411d495512a/91/5c5a519771c10ba3470d8101/66d707e932e0123428929417/1625/site.css]
[static1.squarespace.com/static/vta/5c5a519771c10ba3470d8101/versioned-assets/1744136022980-ANOATF1QGO585JXXQUQB/static.css]
[www.squaremoon.ie/cart.html]
[www.w3.org/2000/svg.html]
[www.w3.org/2000/symbol.html]
[assets.squarespace.com/universal/scripts-compressed/extract-css-runtime-0935684ff3ab82f2-min.en-US.js]
[images.squarespace-cdn.com/content/v1/5ca59b6651f4d411d495512a/c65153e3-1164-4516-a4d4-003274b5d294/pexels-eva-bronzini-7629493.jpg]
[assets.squarespace.com/universal/scripts-compressed/cldr-resource-pack-34e9e1bd5ce2a9d7-min.en-US.js]
[images.squarespace-cdn.com/content/v1/5ca59b6651f4d411d495512a/c2042f85-1381-440b-8fce-8d1bf30de864/pexels-fauxels-3183165.jpg]
[www.squaremoon.ie/contact.html]
[www.squaremoon.ie/moonies.html]
[www.linkedin.com/company/squaremoon-ie.html]
[www.squaremoon.ie/privacy.html]
[www.squaremoon.ie/cookie.html]
